<?xml version="1.0" encoding="utf-8"?><testsuites><testsuite name="pytest" errors="0" failures="0" skipped="0" tests="2" time="0.625" timestamp="2025-09-16T09:14:50.225600" hostname="me"><testcase classname="tests.test_emit_and_run" name="test_emit_and_run_demo" time="0.207" /><testcase classname="tests.test_types_demo_emit" name="test_types_demo_emits_and_runs" time="0.368" /></testsuite></testsuites>